Connecting RabbitMQ...
Connected.
Opening channel...
Done.
Setting QoS... 
Succeeded setting QoS.
Declaring queue "TestEndToEnd/declareError"...
