Connecting RabbitMQ...
Connected.
Opening channel...
Done.
Setting QoS... 
Succeeded setting QoS.
Declaring queue "test"...
Registering consumer... 
Succeeded registering consumer.
Waiting for messages...
Processing message...
Processed!
