Connecting RabbitMQ...
Connected.
Opening channel...
Done.
Setting QoS... 
Succeeded setting QoS.
Registering consumer... 
Succeeded registering consumer.
Waiting for messages...
