INFO Registering consumer... 
INFO Succeeded registering consumer.
INFO Waiting for messages...
