INFO Processing message...
INFO success
INFO Processed!
